Last login: Tue Jan 30 15:00:10 on console
mas:~ tom$ git version
git version 2.10.1
mas:~ tom$ git version
git version 2.10.1
mas:~ tom$ mate
mas:~ tom$ git -config --global core.editor "mate -w"
Unknown option: -config
usage: git [--version] [--help] [-C <path>] [-c name=value]
           [--exec-path[=<path>]] [--html-path] [--man-path] [--info-path]
           [-p | --paginate | --no-pager] [--no-replace-objects] [--bare]
           [--git-dir=<path>] [--work-tree=<path>] [--namespace=<name>]
           <command> [<args>]
mas:~ tom$ git config --global core.editor "mate -w"
mas:~ tom$ git config --global -e
mas:~ tom$ mate .tm_properties
mas:~ tom$ mate .tm_properties
mas:~ tom$ git -config
Unknown option: -config
usage: git [--version] [--help] [-C <path>] [-c name=value]
           [--exec-path[=<path>]] [--html-path] [--man-path] [--info-path]
           [-p | --paginate | --no-pager] [--no-replace-objects] [--bare]
           [--git-dir=<path>] [--work-tree=<path>] [--namespace=<name>]
           <command> [<args>]
mas:~ tom$ git --config
Unknown option: --config
usage: git [--version] [--help] [-C <path>] [-c name=value]
           [--exec-path[=<path>]] [--html-path] [--man-path] [--info-path]
           [-p | --paginate | --no-pager] [--no-replace-objects] [--bare]
           [--git-dir=<path>] [--work-tree=<path>] [--namespace=<name>]
           <command> [<args>]
mas:~ tom$ git --config name "Tom Gombos"
Unknown option: --config
usage: git [--version] [--help] [-C <path>] [-c name=value]
           [--exec-path[=<path>]] [--html-path] [--man-path] [--info-path]
           [-p | --paginate | --no-pager] [--no-replace-objects] [--bare]
           [--git-dir=<path>] [--work-tree=<path>] [--namespace=<name>]
           <command> [<args>]
mas:~ tom$ git --config --name "Tom Gombos"
Unknown option: --config
usage: git [--version] [--help] [-C <path>] [-c name=value]
           [--exec-path[=<path>]] [--html-path] [--man-path] [--info-path]
           [-p | --paginate | --no-pager] [--no-replace-objects] [--bare]
           [--git-dir=<path>] [--work-tree=<path>] [--namespace=<name>]
           <command> [<args>]
mas:~ tom$ git config --global user.name "Tom Gombos"
mas:~ tom$ git config --global user.email "info@mixedartstudio.com"
mas:~ tom$ git config --global --list
user.name=Tom Gombos
user.email=info@mixedartstudio.com
credential.helper=osxkeychain
core.editor=mate -w
mas:~ tom$ mate
mas:~ tom$ mate
mas:~ tom$ mate
mas:~ tom$ pwd
/Users/tom
mas:~ tom$ pwd
/Users/tom
mas:~ tom$ cd projects
-bash: cd: projects: No such file or directory
mas:~ tom$ mkdir projects
mas:~ tom$ cd projects
mas:projects tom$  projects $ unzip ~/Downloads/initializr-verekia-4.0.zip
-bash: projects: command not found
mas:projects tom$ unzip ~/Downloads/initializr-verekia-4.0.zip
Archive:  /Users/tom/Downloads/initializr-verekia-4.0.zip
  inflating: initializr/index.html
  inflating: initializr/css/main.css
  inflating: initializr/crossdomain.xml
  inflating: initializr/js/main.js
  inflating: initializr/js/plugins.js
  inflating: initializr/404.html
  inflating: initializr/js/vendor/jquery-1.11.2.min.js
  inflating: initializr/robots.txt
  inflating: initializr/apple-touch-icon.png
  inflating: initializr/browserconfig.xml
  inflating: initializr/tile-wide.png
  inflating: initializr/tile.png
  inflating: initializr/favicon.ico
  inflating: initializr/.htaccess
  inflating: initializr/humans.txt
  inflating: initializr/js/vendor/modernizr-2.8.3-respond-1.4.2.min.js
  inflating: initializr/css/bootstrap-theme.css
  inflating: initializr/css/bootstrap-theme.min.css
  inflating: initializr/css/bootstrap.css
  inflating: initializr/css/bootstrap.min.css
  inflating: initializr/css/bootstrap.css.map
  inflating: initializr/css/bootstrap-theme.css.map
  inflating: initializr/fonts/glyphicons-halflings-regular.eot
  inflating: initializr/fonts/glyphicons-halflings-regular.svg
  inflating: initializr/fonts/glyphicons-halflings-regular.ttf
  inflating: initializr/fonts/glyphicons-halflings-regular.woff
  inflating: initializr/js/vendor/bootstrap.js
  inflating: initializr/js/vendor/bootstrap.min.js
  inflating: initializr/js/vendor/npm.js
   creating: initializr/img/
mas:projects tom$ ls
initializr
mas:projects tom$ mv initializr web-project
mas:projects tom$ ls
web-project
mas:projects tom$ cd web-project/
mas:web-project tom$ ls
404.html		favicon.ico		js
apple-touch-icon.png	fonts			robots.txt
browserconfig.xml	humans.txt		tile-wide.png
crossdomain.xml		img			tile.png
css			index.html
mas:web-project tom$ git init
Initialized empty Git repository in /Users/tom/projects/web-project/.git/
mas:web-project tom$
mas:web-project tom$ ls all
ls: all: No such file or directory
mas:web-project tom$ ls -all
total 168
drwxr-xr-x@ 18 tom  staff    576 Jan 30 16:24 .
drwxr-xr-x   3 tom  staff     96 Jan 30 16:23 ..
drwxr-xr-x  10 tom  staff    320 Jan 30 16:24 .git
-rw-r--r--@  1 tom  staff  39014 Jan 31  2018 .htaccess
-rw-r--r--@  1 tom  staff   1272 Jan 31  2018 404.html
-rw-r--r--@  1 tom  staff   3959 Jan 31  2018 apple-touch-icon.png
-rw-r--r--@  1 tom  staff    416 Jan 31  2018 browserconfig.xml
-rw-r--r--@  1 tom  staff    603 Jan 31  2018 crossdomain.xml
drwxr-xr-x@  9 tom  staff    288 Jan 30 16:23 css
-rw-r--r--@  1 tom  staff    766 Jan 31  2018 favicon.ico
drwxr-xr-x@  6 tom  staff    192 Jan 30 16:23 fonts
-rw-r--r--@  1 tom  staff    191 Jan 31  2018 humans.txt
drwxr-xr-x@  2 tom  staff     64 Jan 31  2018 img
-rw-r--r--@  1 tom  staff   5329 Jan 31  2018 index.html
drwxr-xr-x@  5 tom  staff    160 Jan 30 16:22 js
-rw-r--r--@  1 tom  staff     78 Jan 31  2018 robots.txt
-rw-r--r--@  1 tom  staff   1854 Jan 31  2018 tile-wide.png
-rw-r--r--@  1 tom  staff   3482 Jan 31  2018 tile.png
mas:web-project tom$ git status
On branch master

Initial commit

Untracked files:
  (use "git add <file>..." to include in what will be committed)

	.htaccess
	404.html
	apple-touch-icon.png
	browserconfig.xml
	crossdomain.xml
	css/
	favicon.ico
	fonts/
	humans.txt
	index.html
	js/
	robots.txt
	tile-wide.png
	tile.png

nothing added to commit but untracked files present (use "git add" to track)
mas:web-project tom$ git add .
mas:web-project tom$ git status
On branch master

Initial commit

Changes to be committed:
  (use "git rm --cached <file>..." to unstage)

	new file:   .htaccess
	new file:   404.html
	new file:   apple-touch-icon.png
	new file:   browserconfig.xml
	new file:   crossdomain.xml
	new file:   css/bootstrap-theme.css
	new file:   css/bootstrap-theme.css.map
	new file:   css/bootstrap-theme.min.css
	new file:   css/bootstrap.css
	new file:   css/bootstrap.css.map
	new file:   css/bootstrap.min.css
	new file:   css/main.css
	new file:   favicon.ico
	new file:   fonts/glyphicons-halflings-regular.eot
	new file:   fonts/glyphicons-halflings-regular.svg
	new file:   fonts/glyphicons-halflings-regular.ttf
	new file:   fonts/glyphicons-halflings-regular.woff
	new file:   humans.txt
	new file:   index.html
	new file:   js/main.js
	new file:   js/plugins.js
	new file:   js/vendor/bootstrap.js
	new file:   js/vendor/bootstrap.min.js
	new file:   js/vendor/jquery-1.11.2.min.js
	new file:   js/vendor/modernizr-2.8.3-respond-1.4.2.min.js
	new file:   js/vendor/npm.js
	new file:   robots.txt
	new file:   tile-wide.png
	new file:   tile.png

mas:web-project tom$ git commit -m "My first commit, inline"
[master (root-commit) 705d85a] My first commit, inline
 29 files changed, 10594 insertions(+)
 create mode 100644 .htaccess
 create mode 100644 404.html
 create mode 100644 apple-touch-icon.png
 create mode 100644 browserconfig.xml
 create mode 100644 crossdomain.xml
 create mode 100644 css/bootstrap-theme.css
 create mode 100644 css/bootstrap-theme.css.map
 create mode 100644 css/bootstrap-theme.min.css
 create mode 100644 css/bootstrap.css
 create mode 100644 css/bootstrap.css.map
 create mode 100644 css/bootstrap.min.css
 create mode 100644 css/main.css
 create mode 100644 favicon.ico
 create mode 100644 fonts/glyphicons-halflings-regular.eot
 create mode 100644 fonts/glyphicons-halflings-regular.svg
 create mode 100644 fonts/glyphicons-halflings-regular.ttf
 create mode 100644 fonts/glyphicons-halflings-regular.woff
 create mode 100644 humans.txt
 create mode 100644 index.html
 create mode 100644 js/main.js
 create mode 100644 js/plugins.js
 create mode 100644 js/vendor/bootstrap.js
 create mode 100644 js/vendor/bootstrap.min.js
 create mode 100644 js/vendor/jquery-1.11.2.min.js
 create mode 100644 js/vendor/modernizr-2.8.3-respond-1.4.2.min.js
 create mode 100644 js/vendor/npm.js
 create mode 100644 robots.txt
 create mode 100644 tile-wide.png
 create mode 100644 tile.png
mas:web-project tom$ git status
On branch master
nothing to commit, working tree clean
mas:web-project tom$ ls -al
total 168
drwxr-xr-x@ 18 tom  staff    576 Jan 30 16:24 .
drwxr-xr-x   3 tom  staff     96 Jan 30 16:23 ..
drwxr-xr-x  13 tom  staff    416 Jan 30 16:26 .git
-rw-r--r--@  1 tom  staff  39014 Jan 31  2018 .htaccess
-rw-r--r--@  1 tom  staff   1272 Jan 31  2018 404.html
-rw-r--r--@  1 tom  staff   3959 Jan 31  2018 apple-touch-icon.png
-rw-r--r--@  1 tom  staff    416 Jan 31  2018 browserconfig.xml
-rw-r--r--@  1 tom  staff    603 Jan 31  2018 crossdomain.xml
drwxr-xr-x@  9 tom  staff    288 Jan 30 16:23 css
-rw-r--r--@  1 tom  staff    766 Jan 31  2018 favicon.ico
drwxr-xr-x@  6 tom  staff    192 Jan 30 16:23 fonts
-rw-r--r--@  1 tom  staff    191 Jan 31  2018 humans.txt
drwxr-xr-x@  2 tom  staff     64 Jan 31  2018 img
-rw-r--r--@  1 tom  staff   5329 Jan 31  2018 index.html
drwxr-xr-x@  5 tom  staff    160 Jan 30 16:22 js
-rw-r--r--@  1 tom  staff     78 Jan 31  2018 robots.txt
-rw-r--r--@  1 tom  staff   1854 Jan 31  2018 tile-wide.png
-rw-r--r--@  1 tom  staff   3482 Jan 31  2018 tile.png
mas:web-project tom$ rm -rf .git
mas:web-project tom$ ls -al
total 168
drwxr-xr-x@ 17 tom  staff    544 Jan 30 16:27 .
drwxr-xr-x   3 tom  staff     96 Jan 30 16:23 ..
-rw-r--r--@  1 tom  staff  39014 Jan 31  2018 .htaccess
-rw-r--r--@  1 tom  staff   1272 Jan 31  2018 404.html
-rw-r--r--@  1 tom  staff   3959 Jan 31  2018 apple-touch-icon.png
-rw-r--r--@  1 tom  staff    416 Jan 31  2018 browserconfig.xml
-rw-r--r--@  1 tom  staff    603 Jan 31  2018 crossdomain.xml
drwxr-xr-x@  9 tom  staff    288 Jan 30 16:23 css
-rw-r--r--@  1 tom  staff    766 Jan 31  2018 favicon.ico
drwxr-xr-x@  6 tom  staff    192 Jan 30 16:23 fonts
-rw-r--r--@  1 tom  staff    191 Jan 31  2018 humans.txt
drwxr-xr-x@  2 tom  staff     64 Jan 31  2018 img
-rw-r--r--@  1 tom  staff   5329 Jan 31  2018 index.html
drwxr-xr-x@  5 tom  staff    160 Jan 30 16:22 js
-rw-r--r--@  1 tom  staff     78 Jan 31  2018 robots.txt
-rw-r--r--@  1 tom  staff   1854 Jan 31  2018 tile-wide.png
-rw-r--r--@  1 tom  staff   3482 Jan 31  2018 tile.png
mas:web-project tom$ cd ..
mas:projects tom$ pwd
/Users/tom/projects
mas:projects tom$ ls
web-project
mas:projects tom$ rm -fr web-project/
mas:projects tom$ ls
mas:projects tom$ git clone https://github.com/MixedArtStudio/starter-web.git
Cloning into 'starter-web'...
remote: Counting objects: 39, done.
remote: Total 39 (delta 0), reused 0 (delta 0), pack-reused 39
Unpacking objects: 100% (39/39), done.
mas:projects tom$ ls
starter-web
mas:projects tom$ cd starter-web/
mas:starter-web tom$ ls -al
total 152
drwxr-xr-x  16 tom  staff    512 Jan 30 16:31 .
drwxr-xr-x   3 tom  staff     96 Jan 30 16:31 ..
drwxr-xr-x  13 tom  staff    416 Jan 30 16:31 .git
-rw-r--r--   1 tom  staff  29947 Jan 30 16:31 .htaccess
-rw-r--r--   1 tom  staff   4459 Jan 30 16:31 404.html
-rw-r--r--   1 tom  staff    133 Jan 30 16:31 README.md
-rw-r--r--   1 tom  staff   1226 Jan 30 16:31 apple-touch-icon-precomposed.png
-rw-r--r--   1 tom  staff    603 Jan 30 16:31 crossdomain.xml
drwxr-xr-x   9 tom  staff    288 Jan 30 16:31 css
-rw-r--r--   1 tom  staff    766 Jan 30 16:31 favicon.ico
drwxr-xr-x   6 tom  staff    192 Jan 30 16:31 fonts
-rw-r--r--   1 tom  staff    191 Jan 30 16:31 humans.txt
-rw-r--r--   1 tom  staff   5154 Jan 30 16:31 index.html
drwxr-xr-x   5 tom  staff    160 Jan 30 16:31 js
-rw-r--r--   1 tom  staff     32 Jan 30 16:31 robots.txt
-rw-r--r--   1 tom  staff    429 Jan 30 16:31 simple.html
mas:starter-web tom$ cd .git/
mas:.git tom$ ls
HEAD		description	info		packed-refs
branches	hooks		logs		refs
config		index		objects
mas:.git tom$ cd ..
mas:starter-web tom$ clear
mas:starter-web tom$ git status
On branch master
Your branch is up-to-date with 'origin/master'.
nothing to commit, working tree clean
mas:starter-web tom$ pwd
/Users/tom/projects/starter-web
mas:starter-web tom$ cd ..
mas:projects tom$ cd ..
mas:~ tom$ ls
AnacondaProjects	Dropbox			Public
Applications		Library			buda
Desktop			Movies			projects
Documents		Music			python
Downloads		Pictures		solarized
mas:~ tom$ cd projects/
mas:projects tom$ ls
starter-web
mas:projects tom$ cd starter-web/
mas:starter-web tom$ ls
404.html				fonts
README.md				humans.txt
apple-touch-icon-precomposed.png	index.html
crossdomain.xml				js
css					robots.txt
favicon.ico				simple.html
mas:starter-web tom$ clear
mas:starter-web tom$ ls
404.html				fonts
README.md				humans.txt
apple-touch-icon-precomposed.png	index.html
crossdomain.xml				js
css					robots.txt
favicon.ico				simple.html
mas:starter-web tom$ git status
On branch master
Your branch is up-to-date with 'origin/master'.
nothing to commit, working tree clean
mas:starter-web tom$ clear
mas:starter-web tom$ mate
mas:starter-web tom$ mate hipster.txt
mas:starter-web tom$ ls
404.html				hipster.txt
README.md				humans.txt
apple-touch-icon-precomposed.png	index.html
crossdomain.xml				js
css					robots.txt
favicon.ico				simple.html
fonts
mas:starter-web tom$ git status
On branch master
Your branch is up-to-date with 'origin/master'.
Untracked files:
  (use "git add <file>..." to include in what will be committed)

	hipster.txt

nothing added to commit but untracked files present (use "git add" to track)
mas:starter-web tom$ git add hipster.txt
mas:starter-web tom$ ls
404.html				hipster.txt
README.md				humans.txt
apple-touch-icon-precomposed.png	index.html
crossdomain.xml				js
css					robots.txt
favicon.ico				simple.html
fonts
mas:starter-web tom$ git status
On branch master
Your branch is up-to-date with 'origin/master'.
Changes to be committed:
  (use "git reset HEAD <file>..." to unstage)

	new file:   hipster.txt

mas:starter-web tom$ git commit
[master e59e51e] My first commit
 1 file changed, 1 insertion(+)
 create mode 100644 hipster.txt
mas:starter-web tom$ git status
On branch master
Your branch is ahead of 'origin/master' by 1 commit.
  (use "git push" to publish your local commits)
nothing to commit, working tree clean
mas:starter-web tom$ git pull origin master
From https://github.com/MixedArtStudio/starter-web
 * branch            master     -> FETCH_HEAD
Already up-to-date.
mas:starter-web tom$ git push origin master
Username for 'https://github.com': MixedArtStudio
Password for 'https://MixedArtStudio@github.com':
Counting objects: 3, done.
Delta compression using up to 4 threads.
Compressing objects: 100% (3/3), done.
Writing objects: 100% (3/3), 473 bytes | 0 bytes/s, done.
Total 3 (delta 1), reused 0 (delta 0)
remote: Resolving deltas: 100% (1/1), completed with 1 local object.
To https://github.com/MixedArtStudio/starter-web.git
   4beb7f0..e59e51e  master -> master
mas:starter-web tom$ clear
mas:starter-web tom$ mate ~/.gitconfig
mas:starter-web tom$ cd ..
mas:projects tom$ ls
starter-web
mas:projects tom$ cd starter-web/
mas:starter-web tom$ ls
404.html				hipster.txt
README.md				humans.txt
apple-touch-icon-precomposed.png	index.html
crossdomain.xml				js
css					robots.txt
favicon.ico				simple.html
fonts
mas:starter-web tom$ git status
On branch master
Your branch is up-to-date with 'origin/master'.
nothing to commit, working tree clean
mas:starter-web tom$ mate hipster.txt
mas:starter-web tom$ git commit -am "updating crap"
[master 0391713] updating crap
 1 file changed, 3 insertions(+), 1 deletion(-)
mas:starter-web tom$ git ls-files
.htaccess
404.html
README.md
apple-touch-icon-precomposed.png
crossdomain.xml
css/bootstrap-theme.css
css/bootstrap-theme.css.map
css/bootstrap-theme.min.css
css/bootstrap.css
css/bootstrap.css.map
css/bootstrap.min.css
css/main.css
favicon.ico
fonts/glyphicons-halflings-regular.eot
fonts/glyphicons-halflings-regular.svg
fonts/glyphicons-halflings-regular.ttf
fonts/glyphicons-halflings-regular.woff
hipster.txt
humans.txt
index.html
js/main.js
js/plugins.js
js/vendor/bootstrap.js
js/vendor/bootstrap.min.js
js/vendor/jquery-1.11.0.min.js
js/vendor/modernizr-2.6.2-respond-1.1.0.min.js
robots.txt
simple.html
mas:starter-web tom$ mate newfile.txt
mas:starter-web tom$ git ls-files
.htaccess
404.html
README.md
apple-touch-icon-precomposed.png
crossdomain.xml
css/bootstrap-theme.css
css/bootstrap-theme.css.map
css/bootstrap-theme.min.css
css/bootstrap.css
css/bootstrap.css.map
css/bootstrap.min.css
css/main.css
favicon.ico
fonts/glyphicons-halflings-regular.eot
fonts/glyphicons-halflings-regular.svg
fonts/glyphicons-halflings-regular.ttf
fonts/glyphicons-halflings-regular.woff
hipster.txt
humans.txt
index.html
js/main.js
js/plugins.js
js/vendor/bootstrap.js
js/vendor/bootstrap.min.js
js/vendor/jquery-1.11.0.min.js
js/vendor/modernizr-2.6.2-respond-1.1.0.min.js
robots.txt
simple.html
mas:starter-web tom$ get status
-bash: get: command not found
mas:starter-web tom$ get statusgit